2024-01-20T10:14:01.102Z checkout  actions/checkout@v4
2024-01-20T10:14:01.440Z checkout  repository payments-service ref refs/heads/main sha 8f3c1a2
2024-01-20T10:14:02.018Z checkout  fetching 1 commit
2024-01-20T10:14:02.220Z checkout  sparse checkout disabled
2024-01-20T10:14:02.441Z checkout  persisted credentials for later steps
2024-01-20T10:14:02.551Z setup     actions/setup-node@v4 node 20.11.1
2024-01-20T10:14:03.002Z setup     cache hit for ~/.npm key node-20-linux-package-lock
2024-01-20T10:14:03.220Z setup     restored 186 MB in 1.1s
2024-01-20T10:14:03.440Z setup     PATH prepended /opt/hostedtoolcache/node/20.11.1/x64/bin
2024-01-20T10:14:03.660Z setup     npm version 10.2.4
2024-01-20T10:14:03.901Z env       CI=true NODE_ENV=test
2024-01-20T10:14:04.010Z env       LOG_LEVEL=info
2024-01-20T10:14:04.110Z env       DATABASE_URL=postgres://ci:ci@localhost:5432/payments_test
2024-01-20T10:14:04.220Z env       REDIS_URL=redis://localhost:6379/0
2024-01-20T10:14:04.332Z services  starting postgres:16
2024-01-20T10:14:04.551Z services  postgres:16 healthy after 4s
2024-01-20T10:14:04.770Z services  starting redis:7
2024-01-20T10:14:04.880Z services  redis:7 healthy after 2s
2024-01-20T10:14:05.102Z npm ci    starting, lockfile package-lock.json
2024-01-20T10:14:05.440Z npm ci    resolving 412 packages
2024-01-20T10:14:05.210Z npm ci    fetch @types/node@20.14.2
2024-01-20T10:14:05.250Z npm ci    fetch @types/express@4.17.21
2024-01-20T10:14:05.290Z npm ci    fetch stripe@15.8.0
2024-01-20T10:14:05.330Z npm ci    fetch dotenv@16.4.5
2024-01-20T10:14:05.370Z npm ci    fetch supertest@7.0.0
2024-01-20T10:14:05.410Z npm ci    link 412 packages
2024-01-20T10:14:05.500Z npm ci    fetch typescript@5.4.5
2024-01-20T10:14:05.540Z npm ci    fetch vitest@1.6.0
2024-01-20T10:14:05.580Z npm ci    fetch express@4.19.2
2024-01-20T10:14:05.620Z npm ci    fetch pg@8.11.5
2024-01-20T10:14:05.660Z npm ci    fetch ioredis@5.4.1
2024-01-20T10:14:05.700Z npm ci    fetch zod@3.23.8
2024-01-20T10:14:05.740Z npm ci    fetch jsonwebtoken@9.0.2
2024-01-20T10:14:05.780Z npm ci    fetch pino@9.2.0
2024-01-20T10:14:06.220Z npm ci    added 412 packages in 11.4s
2024-01-20T10:14:06.441Z npm ci    audited 412 packages, 0 vulnerabilities
2024-01-20T10:14:06.660Z npm ci    funding report skipped in CI
2024-01-20T10:14:06.902Z lint      eslint src tests --max-warnings 0
2024-01-20T10:14:08.110Z lint      src/http/routes.ts ok
2024-01-20T10:14:08.110Z lint      src/http/invoices.ts ok
2024-01-20T10:14:08.110Z lint      src/domain/billing.ts ok
2024-01-20T10:14:08.110Z lint      src/domain/plans.ts ok
2024-01-20T10:14:08.110Z lint      src/db/users.ts ok
2024-01-20T10:14:08.110Z lint      src/db/invoices.ts ok
2024-01-20T10:14:08.110Z lint      src/auth/session.ts ok
2024-01-20T10:14:08.110Z lint      src/auth/jwt.ts ok
2024-01-20T10:14:08.110Z lint      src/payments/charge.ts ok
2024-01-20T10:14:09.881Z lint      0 problems
2024-01-20T10:14:10.102Z typecheck tsc --noEmit
2024-01-20T10:14:12.220Z typecheck checking 48 files
2024-01-20T10:14:14.440Z typecheck 0 errors
2024-01-20T10:14:14.770Z test      vitest run --reporter=verbose
2024-01-20T10:14:15.102Z test      RUN  tests/session.test.ts
2024-01-20T10:14:15.330Z test      ✓ issues a session cookie  12ms
2024-01-20T10:14:15.441Z test      ✓ rejects an expired jwt  8ms
2024-01-20T10:14:15.552Z test      ✓ rotates the refresh token  15ms
2024-01-20T10:14:15.770Z test      3 passed
2024-01-20T10:14:16.002Z test      RUN  tests/billing.test.ts
2024-01-20T10:14:16.220Z test      ✓ prices the pro plan  6ms
2024-01-20T10:14:16.331Z test      ✓ applies the annual discount  5ms
2024-01-20T10:14:16.440Z test      ✓ writes an invoice row  21ms
2024-01-20T10:14:16.661Z test      ✓ marks a paid invoice  9ms
2024-01-20T10:14:16.880Z test      4 passed
2024-01-20T10:14:17.102Z test      RUN  src/payments/charge.test.ts
2024-01-20T10:14:17.220Z test      ✓ charges a saved card  18ms
2024-01-20T10:14:17.330Z test      ✓ declines an expired card  11ms
2024-01-20T10:14:17.441Z test      ✓ retries a 503 from the gateway  40ms
2024-01-20T10:14:17.552Z test      ✓ idempotent charge key is stable  7ms
2024-01-20T10:14:18.001Z test      → waits on webhook invoice.paid
2024-01-20T10:14:23.001Z test      still waiting, 5s, status pending
2024-01-20T10:14:28.001Z test      still waiting, 10s, status pending
2024-01-20T10:14:33.001Z test      still waiting, 15s, status pending
2024-01-20T10:14:38.001Z test      still waiting, 20s, status pending
2024-01-20T10:14:42.880Z test      FAIL src/payments/charge.test.ts
2024-01-20T10:14:42.991Z test      AssertionError: timeout after 5000ms waiting for invoice.paid
2024-01-20T10:14:43.102Z test        at waitForWebhook (src/payments/charge.ts:42:11)
2024-01-20T10:14:43.220Z test        at charge (src/payments/charge.ts:88:5)
2024-01-20T10:14:43.331Z test        at Object.<anonymous> (src/payments/charge.test.ts:27:18)
2024-01-20T10:14:43.440Z test      expected webhook within 5000ms, last status was pending
2024-01-20T10:14:43.551Z test      gateway response: 202 Accepted, id ch_1042, no callback received
2024-01-20T10:14:43.660Z test      charge id ch_1042 amount 4900 currency usd customer cus_91
2024-01-20T10:14:43.770Z test      1 failed, 12 passed, 13 total
2024-01-20T10:14:44.002Z test      duration 28.9s
2024-01-20T10:14:44.220Z coverage  statements 81% branches 74% functions 79% lines 82%
2024-01-20T10:14:44.441Z coverage  uncovered src/payments/charge.ts:40-49 webhook wait
2024-01-20T10:14:44.551Z coverage  uncovered src/payments/webhook.ts:12 signature check
2024-01-20T10:14:44.770Z artifact  uploading test-results/charge.test.log
2024-01-20T10:14:45.002Z artifact  uploading coverage/lcov.info
2024-01-20T10:14:45.220Z cache     npm cache unchanged, skip save
2024-01-20T10:14:45.440Z summary   job test failed
2024-01-20T10:14:45.551Z summary   step vitest run exit code 1
2024-01-20T10:14:45.770Z summary   failing test: waits on webhook invoice.paid
2024-01-20T10:14:45.991Z summary   file: src/payments/charge.test.ts:27
2024-01-20T10:14:46.110Z summary   cause: timeout after 5000ms in waitForWebhook
2024-01-20T10:14:46.220Z summary   hint: gateway accepted ch_1042 but never posted invoice.paid
2024-01-20T10:14:46.331Z post      stopping postgres:16
2024-01-20T10:14:46.440Z post      stopping redis:7
2024-01-20T10:14:46.661Z post      removing /tmp/ci-work
2024-01-20T10:14:46.880Z post      runner cleanup complete
2024-01-20T10:14:47.102Z done      workflow CI / test completed with failure
